// Jest Snapshot v1, https://goo.gl/fbAQLP

exports[`ImageView component renders correctly 1`] = `
<Router
  history={
    Object {
      "action": "POP",
      "block": [Function],
      "canGo": [Function],
      "createHref": [Function],
      "entries": Array [
        Object {
          "hash": "",
          "key": "85vqxb",
          "pathname": "/1004/",
          "search": "",
          "state": undefined,
        },
        Object {
          "hash": "",
          "key": "rjs21j",
          "pathname": "123213",
          "search": "",
          "state": undefined,
        },
      ],
      "go": [Function],
      "goBack": [Function],
      "goForward": [Function],
      "index": 0,
      "length": 2,
      "listen": [Function],
      "location": Object {
        "hash": "",
        "key": "85vqxb",
        "pathname": "/1004/",
        "search": "",
        "state": undefined,
      },
      "push": [Function],
      "replace": [Function],
    }
  }
>
  <Route
    path="/:id/image/:photoId"
  >
    <ImageView />
  </Route>
</Router>
`;
