// Jest Snapshot v1, https://goo.gl/fbAQLP

exports[`Gallery component renders correctly 1`] = `
<Router
  history={
    Object {
      "action": "POP",
      "block": [Function],
      "canGo": [Function],
      "createHref": [Function],
      "entries": Array [
        Object {
          "hash": "",
          "key": "3cd8jx",
          "pathname": "/1004/",
          "search": "",
          "state": undefined,
        },
      ],
      "go": [Function],
      "goBack": [Function],
      "goForward": [Function],
      "index": 0,
      "length": 1,
      "listen": [Function],
      "location": Object {
        "hash": "",
        "key": "3cd8jx",
        "pathname": "/1004/",
        "search": "",
        "state": undefined,
      },
      "push": [Function],
      "replace": [Function],
    }
  }
>
  <Route
    path="/:id/"
  >
    <Gallery />
  </Route>
</Router>
`;
